// Jest Snapshot v1, https://goo.gl/fbAQLP

exports[`ValidatePasswordScreen should match snapshot 1`] = `
<div
  class="h-screen flex flex-col px-4 py-8 md:px-32 md:py-24 bg-white w-screen md:h-auto"
  data-testid="validate-password-screen"
>
  <div
    class="flex flex-col items-start pb-4"
    data-testid="header"
  >
    <h1
      class="text-4xl text-black"
    >
      Valide sua senha
    </h1>
  </div>
  <form>
    <div
      class="flex flex-col justify-center items-center pt-4"
    >
      <input
        class="bg-white mb-8 border-2 border-gray-500 text-gray-900 text-sm rounded-lg focus:ring-blue-500 focus:border-blue-500 block w-full p-4"
        data-testid="input"
        id="name"
        name="name"
        placeholder="Nome"
        type="text"
        value=""
      />
      <input
        class="bg-white mb-8 border-2 border-gray-500 text-gray-900 text-sm rounded-lg focus:ring-blue-500 focus:border-blue-500 block w-full p-4"
        data-testid="input"
        id="email"
        name="email"
        placeholder="Email"
        type="email"
        value=""
      />
      <input
        class="bg-white mb-8 border-2 border-gray-500 text-gray-900 text-sm rounded-lg focus:ring-blue-500 focus:border-blue-500 block w-full p-4"
        data-testid="input"
        id="password"
        name="password"
        placeholder="Senha"
        type="number"
        value=""
      />
      <div
        class="w-full flex flex-1 flex-row items-center justify-end md:mt-16"
        data-testid="button-container"
      >
        <div
          class="flex justify-end"
        >
          <button
            class="absolute bottom-4 left-4 right-4 w-90 h-12 flex border-solid border-1 hover:border-gray-500 focus:border-gray-500 focus:outline-none border-gray-400 justify-center items-center bg-gray-200 text-black rounded-md py-2 px-12 md:w-56 md:relative md:left-0 md:bottom-0 disabled:hover:border-gray-400 disabled:cursor-not-allowed disabled:bg-gray-200  disabled:border-gray-400 disabled:text-gray-500"
            data-testid="button"
            disabled=""
            type="submit"
          >
            Enviar
          </button>
        </div>
      </div>
    </div>
  </form>
</div>
`;
